// Vitest Snapshot v1, https://vitest.dev/guide/snapshot.html

exports[`VerboseCardBuilder snapshots > should match snapshot for default style 1`] = `
"â•­ Test default â”€â”€â”€â”€â”€â”€â”€â”€â”€â”€â”€â•®
â”‚                         â”‚
â”‚   This is a test card   â”‚
â”‚                         â”‚
â•°â”€â”€â”€â”€â”€â”€â”€â”€â”€â”€â”€â”€â”€â”€â”€â”€â”€â”€â”€â”€â”€â”€â”€â”€â”€â•¯"
`;

exports[`VerboseCardBuilder snapshots > should match snapshot for dim style 1`] = `
"[2m[90mâ•­ Test dim â”€â”€â”€â”€â”€â”€â”€â”€â”€â”€â”€â”€â”€â”€â”€â•®[39m[22m
[2m[90mâ”‚[39m[22m                         [2m[90mâ”‚[39m[22m
[2m[90mâ”‚[39m[22m   This is a test card   [2m[90mâ”‚[39m[22m
[2m[90mâ”‚[39m[22m                         [2m[90mâ”‚[39m[22m
[2m[90mâ•°â”€â”€â”€â”€â”€â”€â”€â”€â”€â”€â”€â”€â”€â”€â”€â”€â”€â”€â”€â”€â”€â”€â”€â”€â”€â•¯[39m[22m"
`;

exports[`VerboseCardBuilder snapshots > should match snapshot for error style 1`] = `
"[31mâ•­ Test error â”€â”€â”€â”€â”€â”€â”€â”€â”€â”€â”€â”€â”€â•®[39m
[31mâ”‚[39m                         [31mâ”‚[39m
[31mâ”‚[39m   This is a test card   [31mâ”‚[39m
[31mâ”‚[39m                         [31mâ”‚[39m
[31mâ•°â”€â”€â”€â”€â”€â”€â”€â”€â”€â”€â”€â”€â”€â”€â”€â”€â”€â”€â”€â”€â”€â”€â”€â”€â”€â•¯[39m"
`;

exports[`VerboseCardBuilder snapshots > should match snapshot for info style 1`] = `
"[34mâ•­ Test info â”€â”€â”€â”€â”€â”€â”€â”€â”€â”€â”€â”€â”€â”€â•®[39m
[34mâ”‚[39m                         [34mâ”‚[39m
[34mâ”‚[39m   This is a test card   [34mâ”‚[39m
[34mâ”‚[39m                         [34mâ”‚[39m
[34mâ•°â”€â”€â”€â”€â”€â”€â”€â”€â”€â”€â”€â”€â”€â”€â”€â”€â”€â”€â”€â”€â”€â”€â”€â”€â”€â•¯[39m"
`;

exports[`VerboseCardBuilder snapshots > should match snapshot for success style 1`] = `
"[32mâ•­ Test success â”€â”€â”€â”€â”€â”€â”€â”€â”€â”€â”€â•®[39m
[32mâ”‚[39m                         [32mâ”‚[39m
[32mâ”‚[39m   This is a test card   [32mâ”‚[39m
[32mâ”‚[39m                         [32mâ”‚[39m
[32mâ•°â”€â”€â”€â”€â”€â”€â”€â”€â”€â”€â”€â”€â”€â”€â”€â”€â”€â”€â”€â”€â”€â”€â”€â”€â”€â•¯[39m"
`;

exports[`VerboseCardBuilder snapshots > should match snapshot for warning style 1`] = `
"[33mâ•­ Test warning â”€â”€â”€â”€â”€â”€â”€â”€â”€â”€â”€â•®[39m
[33mâ”‚[39m                         [33mâ”‚[39m
[33mâ”‚[39m   This is a test card   [33mâ”‚[39m
[33mâ”‚[39m                         [33mâ”‚[39m
[33mâ•°â”€â”€â”€â”€â”€â”€â”€â”€â”€â”€â”€â”€â”€â”€â”€â”€â”€â”€â”€â”€â”€â”€â”€â”€â”€â•¯[39m"
`;
